command: /Users/Scott/projects/tabpfn-reserving/.venv/bin/python scripts/depth_bias.py --arm direct --anchors-from 3 --triangles abc genins --targets delta
anchor policy: the last 3 anchors below the ultimate, per triangle; every anchor from 3 up to the last but one
arm: direct | intermediate_ages=False

abc: anchors [3, 4, 5, 6, 7, 8, 9] -- deepest step reachable is depth 6
     abc delta k=3  rows=3    steps scored=28  mean log error=+0.1897  (per prediction, across steps)
     abc delta k=4  rows=7    steps scored=30  mean log error=-0.0380  (per prediction, across steps)
     abc delta k=5  rows=12   steps scored=30  mean log error=-0.0945  (per prediction, across steps)
     abc delta k=6  rows=18   steps scored=28  mean log error=-0.0649  (per prediction, across steps)
     abc delta k=7  rows=25   steps scored=24  mean log error=-0.0346  (per prediction, across steps)
     abc delta k=8  rows=33   steps scored=18  mean log error=-0.0177  (per prediction, across steps)
     abc delta k=9  rows=42   steps scored=10  mean log error=-0.0006  (per prediction, across steps)
genins: anchors [3, 4, 5, 6, 7, 8] -- deepest step reachable is depth 5
  genins delta k=3  rows=3    steps scored=24  mean log error=+0.1783  (per prediction, across steps)
  genins delta k=4  rows=7    steps scored=25  mean log error=+0.3502  (per prediction, across steps)
  genins delta k=5  rows=12   steps scored=24  mean log error=+0.0672  (per prediction, across steps)
  genins delta k=6  rows=18   steps scored=21  mean log error=+0.0038  (per prediction, across steps)
  genins delta k=7  rows=25   steps scored=16  mean log error=-0.1238  (per prediction, across steps)
  genins delta k=8  rows=33   steps scored=9   mean log error=-0.0574  (per prediction, across steps)

=== mean log error by depth (all triangles and anchors pooled) ===  <-- depth = steps spanned by ONE prediction
depth  steps  mean log err   x error       se  log err/step
    1     88       -0.0205    0.9797   0.0119            -0.0205
    2     69       -0.0288    0.9716   0.0158            -0.0144
    3     52       -0.0040    0.9961   0.0241            -0.0013
    4     37       +0.0753    1.0782   0.0396            +0.0188
    5     24       +0.2166    1.2419   0.0577            +0.0433
    6     13       +0.3374    1.4013   0.0747            +0.0562
    7      4       +0.5567    1.7448   0.0829            +0.0795

=== regressed on depth ===
  n=287  slope=+0.06421 per step (se 0.00694)  intercept=-0.13224
  the same rows normalised per step: mean log error per step = -0.00030 (x0.9997 per step)
  this is the *direct* arm's regression, whose depth is the length of the whole prediction;
  the recursive table's depth is a single cell's distance beyond the training range. Two
  different regressions, so the recorded +0.0317 is reproduced separately, not compared here.

=== the same slope, per triangle (delta arm) ===
       abc  n=168 slope=+0.04329 (se 0.00620)  mean log error=-0.0097
    genins  n=119 slope=+0.11423 (se 0.01295)  mean log error=+0.1028

=== currency decomposition and by-origin residuals: recursive arm only ===
  the direct arm predicts each run whole, so the per-step replay those sections are built on does
  not exist for it. The recursive ones are in
  results/runs/20260918-023600_depth-bias/FINDINGS.md.

wrote results/runs/20260919-203432_depth-bias-direct/depth_bias.json and run.log (287 scored steps)
