Collecting tabpfn>=9.0.0
  Downloading tabpfn-9.0.0-py3-none-any.whl.metadata (22 kB)
Collecting chainladder
  Downloading chainladder-0.10.1-py3-none-any.whl.metadata (7.6 kB)
Collecting pandas
  Downloading pandas-3.0.5-cp312-cp312-macosx_11_0_arm64.whl.metadata (79 kB)
Collecting numpy
  Downloading numpy-2.5.3-cp312-cp312-macosx_14_0_arm64.whl.metadata (6.6 kB)
Collecting matplotlib
  Downloading matplotlib-3.11.2-cp312-cp312-macosx_11_0_arm64.whl.metadata (80 kB)
Collecting torch>=2.5 (from tabpfn>=9.0.0)
  Downloading torch-2.14.0-cp312-cp312-macosx_14_0_arm64.whl.metadata (38 kB)
Collecting safetensors>=0.4.0 (from tabpfn>=9.0.0)
  Downloading safetensors-0.8.0-cp310-abi3-macosx_11_0_arm64.whl.metadata (4.2 kB)
Collecting scikit-learn>=1.2.0 (from tabpfn>=9.0.0)
  Downloading scikit_learn-1.9.1-cp312-cp312-macosx_12_0_arm64.whl.metadata (9.3 kB)
Collecting typing_extensions>=4.12.0 (from tabpfn>=9.0.0)
  Downloading typing_extensions-4.16.0-py3-none-any.whl.metadata (3.3 kB)
Collecting scipy>=1.11.1 (from tabpfn>=9.0.0)
  Downloading scipy-1.18.1-cp312-cp312-macosx_14_0_arm64.whl.metadata (62 kB)
Collecting einops>=0.4.0 (from tabpfn>=9.0.0)
  Downloading einops-0.8.2-py3-none-any.whl.metadata (13 kB)
Collecting huggingface-hub>=0.23.0 (from tabpfn>=9.0.0)
  Downloading huggingface_hub-1.32.0-py3-none-any.whl.metadata (16 kB)
Collecting pydantic>=2.8.0 (from tabpfn>=9.0.0)
  Downloading pydantic-2.13.5-py3-none-any.whl.metadata (110 kB)
Collecting pydantic-settings>=2.10.1 (from tabpfn>=9.0.0)
  Downloading pydantic_settings-2.15.0-py3-none-any.whl.metadata (3.9 kB)
Collecting joblib>=1.2.0 (from tabpfn>=9.0.0)
  Downloading joblib-1.6.0-py3-none-any.whl.metadata (6.5 kB)
Collecting tqdm>=4.66.0 (from tabpfn>=9.0.0)
  Downloading tqdm-4.70.1-py3-none-any.whl.metadata (57 kB)
Collecting filelock>=3.11.0 (from tabpfn>=9.0.0)
  Downloading filelock-4.0.0-py3-none-any.whl.metadata (2.0 kB)
Collecting lightgbm>=4.4 (from tabpfn>=9.0.0)
  Downloading lightgbm-4.7.0-py3-none-macosx_12_0_arm64.whl.metadata (18 kB)
Collecting skrub<0.11,>=0.7 (from tabpfn>=9.0.0)
  Downloading skrub-0.10.1-py3-none-any.whl.metadata (4.5 kB)
Collecting mlx>=0.29.3 (from tabpfn>=9.0.0)
  Downloading mlx-0.32.2-cp312-cp312-macosx_26_0_arm64.whl.metadata (5.9 kB)
Collecting jinja2>=3.1.2 (from skrub<0.11,>=0.7->tabpfn>=9.0.0)
  Downloading jinja2-3.1.6-py3-none-any.whl.metadata (2.9 kB)
Collecting requests>=2.27.1 (from skrub<0.11,>=0.7->tabpfn>=9.0.0)
  Downloading requests-2.34.2-py3-none-any.whl.metadata (4.8 kB)
Collecting pydot (from skrub<0.11,>=0.7->tabpfn>=9.0.0)
  Downloading pydot-4.0.1-py3-none-any.whl.metadata (11 kB)
Collecting cloudpickle>=3.0 (from skrub<0.11,>=0.7->tabpfn>=9.0.0)
  Downloading cloudpickle-3.1.2-py3-none-any.whl.metadata (7.1 kB)
Collecting sparse>=0.9 (from chainladder)
  Downloading sparse-0.19.2-py2.py3-none-any.whl.metadata (5.3 kB)
Collecting dill (from chainladder)
  Downloading dill-0.4.1-py3-none-any.whl.metadata (10 kB)
Collecting patsy>=1.0.2 (from chainladder)
  Downloading patsy-1.0.3-py2.py3-none-any.whl.metadata (3.7 kB)
Collecting python-dateutil>=2.8.2 (from pandas)
  Downloading python_dateutil-2.9.0.post0-py2.py3-none-any.whl.metadata (8.4 kB)
Collecting contourpy>=1.0.1 (from matplotlib)
  Downloading contourpy-1.4.0-cp312-cp312-macosx_11_0_arm64.whl.metadata (3.8 kB)
Collecting cycler>=0.10 (from matplotlib)
  Downloading cycler-0.12.1-py3-none-any.whl.metadata (3.8 kB)
Collecting fonttools>=4.28.2 (from matplotlib)
  Downloading fonttools-4.65.0-cp312-cp312-macosx_10_13_universal2.whl.metadata (125 kB)
Collecting kiwisolver>=1.3.1 (from matplotlib)
  Downloading kiwisolver-1.5.1-cp312-cp312-macosx_11_0_arm64.whl.metadata (5.2 kB)
Collecting packaging>=20.0 (from matplotlib)
  Downloading packaging-26.3-py3-none-any.whl.metadata (3.5 kB)
Collecting pillow>=9 (from matplotlib)
  Downloading pillow-12.3.0-cp312-cp312-macosx_11_0_arm64.whl.metadata (9.1 kB)
Collecting pyparsing>=3 (from matplotlib)
  Downloading pyparsing-3.3.2-py3-none-any.whl.metadata (5.8 kB)
Collecting click<9.0.0,>=8.4.2 (from huggingface-hub>=0.23.0->tabpfn>=9.0.0)
  Downloading click-8.5.0-py3-none-any.whl.metadata (2.6 kB)
Collecting fsspec>=2023.5.0 (from huggingface-hub>=0.23.0->tabpfn>=9.0.0)
  Downloading fsspec-2026.7.0-py3-none-any.whl.metadata (10 kB)
Collecting hf-xet<2.0.0,>=1.5.2 (from huggingface-hub>=0.23.0->tabpfn>=9.0.0)
  Downloading hf_xet-1.6.0-cp38-abi3-macosx_11_0_arm64.whl.metadata (4.9 kB)
Collecting httpx<1,>=0.23.0 (from huggingface-hub>=0.23.0->tabpfn>=9.0.0)
  Downloading httpx-0.28.1-py3-none-any.whl.metadata (7.1 kB)
Collecting pyyaml>=5.1 (from huggingface-hub>=0.23.0->tabpfn>=9.0.0)
  Downloading pyyaml-6.0.3-cp312-cp312-macosx_11_0_arm64.whl.metadata (2.4 kB)
Collecting anyio (from httpx<1,>=0.23.0->huggingface-hub>=0.23.0->tabpfn>=9.0.0)
  Downloading anyio-4.15.1-py3-none-any.whl.metadata (4.7 kB)
Collecting certifi (from httpx<1,>=0.23.0->huggingface-hub>=0.23.0->tabpfn>=9.0.0)
  Downloading certifi-2026.7.22-py3-none-any.whl.metadata (2.5 kB)
Collecting httpcore==1.* (from httpx<1,>=0.23.0->huggingface-hub>=0.23.0->tabpfn>=9.0.0)
  Downloading httpcore-1.0.9-py3-none-any.whl.metadata (21 kB)
Collecting idna (from httpx<1,>=0.23.0->huggingface-hub>=0.23.0->tabpfn>=9.0.0)
  Downloading idna-3.20-py3-none-any.whl.metadata (7.2 kB)
Collecting h11>=0.16 (from httpcore==1.*->httpx<1,>=0.23.0->huggingface-hub>=0.23.0->tabpfn>=9.0.0)
  Downloading h11-0.16.0-py3-none-any.whl.metadata (8.3 kB)
Collecting MarkupSafe>=2.0 (from jinja2>=3.1.2->skrub<0.11,>=0.7->tabpfn>=9.0.0)
  Downloading markupsafe-3.0.3-cp312-cp312-macosx_11_0_arm64.whl.metadata (2.7 kB)
Collecting narwhals>=1.15 (from lightgbm>=4.4->tabpfn>=9.0.0)
  Downloading narwhals-2.26.0-py3-none-any.whl.metadata (15 kB)
Collecting mlx-metal==0.32.2 (from mlx>=0.29.3->tabpfn>=9.0.0)
  Downloading mlx_metal-0.32.2-py3-none-macosx_26_0_arm64.whl.metadata (5.1 kB)
Collecting annotated-types>=0.6.0 (from pydantic>=2.8.0->tabpfn>=9.0.0)
  Downloading annotated_types-0.8.0-py3-none-any.whl.metadata (15 kB)
Collecting pydantic-core==2.46.5 (from pydantic>=2.8.0->tabpfn>=9.0.0)
  Downloading pydantic_core-2.46.5-cp312-cp312-macosx_11_0_arm64.whl.metadata (6.6 kB)
Collecting typing-inspection>=0.4.2 (from pydantic>=2.8.0->tabpfn>=9.0.0)
  Downloading typing_inspection-0.4.4-py3-none-any.whl.metadata (2.6 kB)
Collecting python-dotenv>=0.21.0 (from pydantic-settings>=2.10.1->tabpfn>=9.0.0)
  Downloading python_dotenv-1.2.3-py3-none-any.whl.metadata (29 kB)
Collecting six>=1.5 (from python-dateutil>=2.8.2->pandas)
  Downloading six-1.17.0-py2.py3-none-any.whl.metadata (1.7 kB)
Collecting charset_normalizer<4,>=2 (from requests>=2.27.1->skrub<0.11,>=0.7->tabpfn>=9.0.0)
  Downloading charset_normalizer-3.5.1-cp312-cp312-macosx_10_13_universal2.whl.metadata (45 kB)
Collecting urllib3<3,>=1.26 (from requests>=2.27.1->skrub<0.11,>=0.7->tabpfn>=9.0.0)
  Downloading urllib3-2.8.0-py3-none-any.whl.metadata (7.4 kB)
Collecting threadpoolctl>=3.5.0 (from scikit-learn>=1.2.0->tabpfn>=9.0.0)
  Downloading threadpoolctl-3.7.0-py3-none-any.whl.metadata (24 kB)
Collecting numba>=0.49 (from sparse>=0.9->chainladder)
  Downloading numba-0.67.0-cp312-cp312-macosx_12_0_arm64.whl.metadata (2.7 kB)
Collecting llvmlite<0.50,>=0.49.0dev0 (from numba>=0.49->sparse>=0.9->chainladder)
  Downloading llvmlite-0.49.0-cp312-cp312-macosx_12_0_arm64.whl.metadata (5.0 kB)
Collecting setuptools>=77.0.3 (from torch>=2.5->tabpfn>=9.0.0)
  Downloading setuptools-84.0.0-py3-none-any.whl.metadata (6.6 kB)
Collecting sympy>=1.13.3 (from torch>=2.5->tabpfn>=9.0.0)
  Downloading sympy-1.14.0-py3-none-any.whl.metadata (12 kB)
Collecting networkx>=2.5.1 (from torch>=2.5->tabpfn>=9.0.0)
  Downloading networkx-3.6.1-py3-none-any.whl.metadata (6.8 kB)
Collecting mpmath<1.4,>=1.1.0 (from sympy>=1.13.3->torch>=2.5->tabpfn>=9.0.0)
  Downloading mpmath-1.3.0-py3-none-any.whl.metadata (8.6 kB)
Downloading tabpfn-9.0.0-py3-none-any.whl (827 kB)
   ━━━━━━━━━━━━━━━━━━━━━━━━━━━━━━━━━━━━━━━━ 827.5/827.5 kB 1.1 MB/s  0:00:00
Downloading skrub-0.10.1-py3-none-any.whl (595 kB)
   ━━━━━━━━━━━━━━━━━━━━━━━━━━━━━━━━━━━━━━━━ 595.9/595.9 kB 1.7 MB/s  0:00:00
Downloading chainladder-0.10.1-py3-none-any.whl (2.3 MB)
   ━━━━━━━━━━━━━━━━━━━━━━━━━━━━━━━━━━━━━━━━ 2.3/2.3 MB 3.0 MB/s  0:00:00
Downloading pandas-3.0.5-cp312-cp312-macosx_11_0_arm64.whl (10.0 MB)
   ━━━━━━━━━━━━━━━━━━━━━━━━━━━━━━━━━━━━━━━━ 10.0/10.0 MB 7.8 MB/s  0:00:01
Downloading numpy-2.5.3-cp312-cp312-macosx_14_0_arm64.whl (5.4 MB)
   ━━━━━━━━━━━━━━━━━━━━━━━━━━━━━━━━━━━━━━━━ 5.4/5.4 MB 12.4 MB/s  0:00:00
Downloading matplotlib-3.11.2-cp312-cp312-macosx_11_0_arm64.whl (9.3 MB)
   ━━━━━━━━━━━━━━━━━━━━━━━━━━━━━━━━━━━━━━━━ 9.3/9.3 MB 17.5 MB/s  0:00:00
Downloading cloudpickle-3.1.2-py3-none-any.whl (22 kB)
Downloading contourpy-1.4.0-cp312-cp312-macosx_11_0_arm64.whl (284 kB)
Downloading cycler-0.12.1-py3-none-any.whl (8.3 kB)
Downloading einops-0.8.2-py3-none-any.whl (65 kB)
Downloading filelock-4.0.0-py3-none-any.whl (106 kB)
Downloading fonttools-4.65.0-cp312-cp312-macosx_10_13_universal2.whl (3.1 MB)
   ━━━━━━━━━━━━━━━━━━━━━━━━━━━━━━━━━━━━━━━━ 3.1/3.1 MB 18.8 MB/s  0:00:00
Downloading huggingface_hub-1.32.0-py3-none-any.whl (842 kB)
   ━━━━━━━━━━━━━━━━━━━━━━━━━━━━━━━━━━━━━━━━ 842.9/842.9 kB 14.0 MB/s  0:00:00
Downloading click-8.5.0-py3-none-any.whl (125 kB)
Downloading hf_xet-1.6.0-cp38-abi3-macosx_11_0_arm64.whl (3.9 MB)
   ━━━━━━━━━━━━━━━━━━━━━━━━━━━━━━━━━━━━━━━━ 3.9/3.9 MB 15.6 MB/s  0:00:00
Downloading httpx-0.28.1-py3-none-any.whl (73 kB)
Downloading httpcore-1.0.9-py3-none-any.whl (78 kB)
Downloading fsspec-2026.7.0-py3-none-any.whl (206 kB)
Downloading h11-0.16.0-py3-none-any.whl (37 kB)
Downloading jinja2-3.1.6-py3-none-any.whl (134 kB)
Downloading joblib-1.6.0-py3-none-any.whl (306 kB)
Downloading kiwisolver-1.5.1-cp312-cp312-macosx_11_0_arm64.whl (64 kB)
Downloading lightgbm-4.7.0-py3-none-macosx_12_0_arm64.whl (1.5 MB)
   ━━━━━━━━━━━━━━━━━━━━━━━━━━━━━━━━━━━━━━━━ 1.5/1.5 MB 1.5 MB/s  0:00:01
Downloading markupsafe-3.0.3-cp312-cp312-macosx_11_0_arm64.whl (12 kB)
Downloading mlx-0.32.2-cp312-cp312-macosx_26_0_arm64.whl (619 kB)
   ━━━━━━━━━━━━━━━━━━━━━━━━━━━━━━━━━━━━━━━━ 619.5/619.5 kB 2.4 MB/s  0:00:00
Downloading mlx_metal-0.32.2-py3-none-macosx_26_0_arm64.whl (64.4 MB)
   ━━━━━━━━━━━━━━━━━━━━━━━━━━━━━━━━━━━━━━━━ 64.4/64.4 MB 15.1 MB/s  0:00:04
Downloading narwhals-2.26.0-py3-none-any.whl (474 kB)
Downloading packaging-26.3-py3-none-any.whl (129 kB)
Downloading patsy-1.0.3-py2.py3-none-any.whl (233 kB)
Downloading pillow-12.3.0-cp312-cp312-macosx_11_0_arm64.whl (4.8 MB)
   ━━━━━━━━━━━━━━━━━━━━━━━━━━━━━━━━━━━━━━━━ 4.8/4.8 MB 43.2 MB/s  0:00:00
Downloading pydantic-2.13.5-py3-none-any.whl (472 kB)
Downloading pydantic_core-2.46.5-cp312-cp312-macosx_11_0_arm64.whl (1.9 MB)
   ━━━━━━━━━━━━━━━━━━━━━━━━━━━━━━━━━━━━━━━━ 1.9/1.9 MB 40.6 MB/s  0:00:00
Downloading annotated_types-0.8.0-py3-none-any.whl (13 kB)
Downloading pydantic_settings-2.15.0-py3-none-any.whl (69 kB)
Downloading pyparsing-3.3.2-py3-none-any.whl (122 kB)
Downloading python_dateutil-2.9.0.post0-py2.py3-none-any.whl (229 kB)
Downloading python_dotenv-1.2.3-py3-none-any.whl (22 kB)
Downloading pyyaml-6.0.3-cp312-cp312-macosx_11_0_arm64.whl (173 kB)
Downloading requests-2.34.2-py3-none-any.whl (73 kB)
Downloading charset_normalizer-3.5.1-cp312-cp312-macosx_10_13_universal2.whl (344 kB)
Downloading idna-3.20-py3-none-any.whl (69 kB)
Downloading urllib3-2.8.0-py3-none-any.whl (135 kB)
Downloading certifi-2026.7.22-py3-none-any.whl (136 kB)
Downloading safetensors-0.8.0-cp310-abi3-macosx_11_0_arm64.whl (484 kB)
Downloading scikit_learn-1.9.1-cp312-cp312-macosx_12_0_arm64.whl (8.3 MB)
   ━━━━━━━━━━━━━━━━━━━━━━━━━━━━━━━━━━━━━━━━ 8.3/8.3 MB 5.8 MB/s  0:00:01
Downloading scipy-1.18.1-cp312-cp312-macosx_14_0_arm64.whl (20.5 MB)
   ━━━━━━━━━━━━━━━━━━━━━━━━━━━━━━━━━━━━━━━━ 20.5/20.5 MB 15.1 MB/s  0:00:01
Downloading six-1.17.0-py2.py3-none-any.whl (11 kB)
Downloading sparse-0.19.2-py2.py3-none-any.whl (155 kB)
Downloading numba-0.67.0-cp312-cp312-macosx_12_0_arm64.whl (2.7 MB)
   ━━━━━━━━━━━━━━━━━━━━━━━━━━━━━━━━━━━━━━━━ 2.7/2.7 MB 21.7 MB/s  0:00:00
Downloading llvmlite-0.49.0-cp312-cp312-macosx_12_0_arm64.whl (40.5 MB)
   ━━━━━━━━━━━━━━━━━━━━━━━━━━━━━━━━━━━━━━━━ 40.5/40.5 MB 36.3 MB/s  0:00:01
Downloading threadpoolctl-3.7.0-py3-none-any.whl (26 kB)
Downloading torch-2.14.0-cp312-cp312-macosx_14_0_arm64.whl (127.3 MB)
   ━━━━━━━━━━━━━━━━━━━━━━━━━━━━━━━━━━━━━━━━ 127.3/127.3 MB 17.1 MB/s  0:00:07
Downloading networkx-3.6.1-py3-none-any.whl (2.1 MB)
   ━━━━━━━━━━━━━━━━━━━━━━━━━━━━━━━━━━━━━━━━ 2.1/2.1 MB 507.8 kB/s  0:00:03
Downloading setuptools-84.0.0-py3-none-any.whl (818 kB)
   ━━━━━━━━━━━━━━━━━━━━━━━━━━━━━━━━━━━━━━━━ 818.2/818.2 kB 474.1 kB/s  0:00:01
Downloading sympy-1.14.0-py3-none-any.whl (6.3 MB)
   ━━━━━━━━━━━━━━━━━━━━━━━━━━━━━━━━━━━━━━━━ 6.3/6.3 MB 1.1 MB/s  0:00:05
Downloading mpmath-1.3.0-py3-none-any.whl (536 kB)
   ━━━━━━━━━━━━━━━━━━━━━━━━━━━━━━━━━━━━━━━━ 536.2/536.2 kB 1.0 MB/s  0:00:00
Downloading tqdm-4.70.1-py3-none-any.whl (80 kB)
Downloading typing_extensions-4.16.0-py3-none-any.whl (45 kB)
Downloading typing_inspection-0.4.4-py3-none-any.whl (14 kB)
Downloading anyio-4.15.1-py3-none-any.whl (132 kB)
Downloading dill-0.4.1-py3-none-any.whl (120 kB)
Downloading pydot-4.0.1-py3-none-any.whl (37 kB)
Installing collected packages: mpmath, urllib3, typing_extensions, tqdm, threadpoolctl, sympy, six, setuptools, safetensors, pyyaml, python-dotenv, pyparsing, pillow, packaging, numpy, networkx, narwhals, mlx-metal, MarkupSafe, llvmlite, kiwisolver, idna, hf-xet, h11, fsspec, fonttools, filelock, einops, dill, cycler, cloudpickle, click, charset_normalizer, certifi, annotated-types, typing-inspection, scipy, requests, python-dateutil, pydot, pydantic-core, patsy, numba, mlx, joblib, jinja2, httpcore, contourpy, anyio, torch, sparse, scikit-learn, pydantic, pandas, matplotlib, lightgbm, httpx, skrub, pydantic-settings, huggingface-hub, chainladder, tabpfn

Successfully installed MarkupSafe-3.0.3 annotated-types-0.8.0 anyio-4.15.1 certifi-2026.7.22 chainladder-0.10.1 charset_normalizer-3.5.1 click-8.5.0 cloudpickle-3.1.2 contourpy-1.4.0 cycler-0.12.1 dill-0.4.1 einops-0.8.2 filelock-4.0.0 fonttools-4.65.0 fsspec-2026.7.0 h11-0.16.0 hf-xet-1.6.0 httpcore-1.0.9 httpx-0.28.1 huggingface-hub-1.32.0 idna-3.20 jinja2-3.1.6 joblib-1.6.0 kiwisolver-1.5.1 lightgbm-4.7.0 llvmlite-0.49.0 matplotlib-3.11.2 mlx-0.32.2 mlx-metal-0.32.2 mpmath-1.3.0 narwhals-2.26.0 networkx-3.6.1 numba-0.67.0 numpy-2.5.3 packaging-26.3 pandas-3.0.5 patsy-1.0.3 pillow-12.3.0 pydantic-2.13.5 pydantic-core-2.46.5 pydantic-settings-2.15.0 pydot-4.0.1 pyparsing-3.3.2 python-dateutil-2.9.0.post0 python-dotenv-1.2.3 pyyaml-6.0.3 requests-2.34.2 safetensors-0.8.0 scikit-learn-1.9.1 scipy-1.18.1 setuptools-84.0.0 six-1.17.0 skrub-0.10.1 sparse-0.19.2 sympy-1.14.0 tabpfn-9.0.0 threadpoolctl-3.7.0 torch-2.14.0 tqdm-4.70.1 typing-inspection-0.4.4 typing_extensions-4.16.0 urllib3-2.8.0
